0 verbose cli C:\Program Files\nodejs\node.exe C:\Program Files\nodejs\node_modules\npm\bin\npm-cli.js
1 info using npm@10.9.4
2 info using node@v22.22.0
3 silly config load:file:C:\Program Files\nodejs\node_modules\npm\npmrc
4 silly config load:file:C:\Users\bougu\Industrial_Data_Space_for_Predictive_Maintenance-\dashboard\backend\.npmrc
5 silly config load:file:C:\Users\bougu\.npmrc
6 silly config load:file:C:\Users\bougu\AppData\Roaming\npm\etc\npmrc
7 verbose title npm install mqtt
8 verbose argv "install" "mqtt" "--cache" ".\\.npm-cache" "--logs-dir" ".\\.npm-logs" "--no-audit" "--fund" "false"
9 verbose logfile logs-max:10 dir:C:\Users\bougu\Industrial_Data_Space_for_Predictive_Maintenance-\dashboard\backend\.npm-logs\2026-09-23T10_06_11_762Z-
10 verbose logfile C:\Users\bougu\Industrial_Data_Space_for_Predictive_Maintenance-\dashboard\backend\.npm-logs\2026-09-23T10_06_11_762Z-debug-0.log
11 silly logfile done cleaning log files
12 silly packumentCache heap:4345298944 maxSize:1086324736 maxEntrySize:543162368
13 silly idealTree buildDeps
14 silly fetch manifest mqtt@*
15 silly packumentCache full:https://registry.npmjs.org/mqtt cache-miss
16 verbose shrinkwrap failed to load node_modules/.package-lock.json out of date, updated: node_modules
17 http fetch GET 200 https://registry.npmjs.org/mqtt 249ms (cache miss)
18 silly packumentCache full:https://registry.npmjs.org/mqtt set size:undefined disposed:false
19 silly placeDep ROOT mqtt@5.16.0 OK for: backend@1.0.0 want: *
20 silly fetch manifest ws@^8.18.3
21 silly packumentCache full:https://registry.npmjs.org/ws cache-miss
22 silly fetch manifest rfdc@^1.4.1
23 silly packumentCache full:https://registry.npmjs.org/rfdc cache-miss
24 silly fetch manifest socks@^2.8.6
25 silly packumentCache full:https://registry.npmjs.org/socks cache-miss
26 silly fetch manifest split2@^4.2.0
27 silly packumentCache full:https://registry.npmjs.org/split2 cache-miss
28 silly fetch manifest commist@^3.2.0
29 silly packumentCache full:https://registry.npmjs.org/commist cache-miss
30 silly fetch manifest help-me@^5.0.0
31 silly packumentCache full:https://registry.npmjs.org/help-me cache-miss
32 silly fetch manifest minimist@^1.2.8
33 silly packumentCache full:https://registry.npmjs.org/minimist cache-miss
34 silly fetch manifest @types/ws@^8.18.1
35 silly packumentCache full:https://registry.npmjs.org/@types%2fws cache-miss
36 silly fetch manifest lru-cache@^10.4.3
37 silly packumentCache full:https://registry.npmjs.org/lru-cache cache-miss
38 silly fetch manifest mqtt-packet@^9.0.2
39 silly packumentCache full:https://registry.npmjs.org/mqtt-packet cache-miss
40 silly fetch manifest concat-stream@^2.0.0
41 silly packumentCache full:https://registry.npmjs.org/concat-stream cache-miss
42 http fetch GET 200 https://registry.npmjs.org/npm 450ms
43 http fetch GET 200 https://registry.npmjs.org/ws 108ms (cache miss)
44 silly packumentCache full:https://registry.npmjs.org/ws set size:undefined disposed:false
45 silly fetch manifest worker-timers@^8.0.23
46 silly packumentCache full:https://registry.npmjs.org/worker-timers cache-miss
47 http fetch GET 200 https://registry.npmjs.org/concat-stream 246ms (cache miss)
48 silly packumentCache full:https://registry.npmjs.org/concat-stream set size:undefined disposed:false
49 silly fetch manifest readable-stream@^4.7.0
50 silly packumentCache full:https://registry.npmjs.org/readable-stream cache-miss
51 http fetch GET 200 https://registry.npmjs.org/split2 255ms (cache miss)
52 silly packumentCache full:https://registry.npmjs.org/split2 set size:undefined disposed:false
53 silly fetch manifest @types/readable-stream@^4.0.21
54 silly packumentCache full:https://registry.npmjs.org/@types%2freadable-stream cache-miss
55 http fetch GET 200 https://registry.npmjs.org/rfdc 264ms (cache miss)
56 silly packumentCache full:https://registry.npmjs.org/rfdc set size:undefined disposed:false
57 http fetch GET 200 https://registry.npmjs.org/minimist 264ms (cache miss)
58 silly packumentCache full:https://registry.npmjs.org/minimist set size:undefined disposed:false
59 http fetch GET 200 https://registry.npmjs.org/help-me 277ms (cache miss)
60 silly packumentCache full:https://registry.npmjs.org/help-me set size:undefined disposed:false
61 http fetch GET 200 https://registry.npmjs.org/@types%2fws 285ms (cache miss)
62 silly packumentCache full:https://registry.npmjs.org/@types%2fws set size:undefined disposed:false
63 http fetch GET 200 https://registry.npmjs.org/socks 293ms (cache miss)
64 silly packumentCache full:https://registry.npmjs.org/socks set size:undefined disposed:false
65 http fetch GET 200 https://registry.npmjs.org/lru-cache 311ms (cache miss)
66 silly packumentCache full:https://registry.npmjs.org/lru-cache set size:undefined disposed:false
67 http fetch GET 200 https://registry.npmjs.org/@types%2freadable-stream 80ms (cache miss)
68 silly packumentCache full:https://registry.npmjs.org/@types%2freadable-stream set size:undefined disposed:false
69 http fetch GET 200 https://registry.npmjs.org/readable-stream 86ms (cache miss)
70 silly packumentCache full:https://registry.npmjs.org/readable-stream set size:undefined disposed:false
71 http fetch GET 200 https://registry.npmjs.org/worker-timers 311ms (cache miss)
72 silly packumentCache full:https://registry.npmjs.org/worker-timers set size:undefined disposed:false
73 http fetch GET 200 https://registry.npmjs.org/commist 448ms (cache miss)
74 silly packumentCache full:https://registry.npmjs.org/commist set size:undefined disposed:false
75 http fetch GET 200 https://registry.npmjs.org/mqtt-packet 449ms (cache miss)
76 silly packumentCache full:https://registry.npmjs.org/mqtt-packet set size:undefined disposed:false
77 silly fetch manifest bufferutil@^4.0.1
78 silly packumentCache full:https://registry.npmjs.org/bufferutil cache-miss
79 http fetch GET 200 https://registry.npmjs.org/bufferutil 54ms (cache miss)
80 silly packumentCache full:https://registry.npmjs.org/bufferutil set size:undefined disposed:false
81 silly fetch manifest utf-8-validate@>=5.0.2
82 silly packumentCache full:https://registry.npmjs.org/utf-8-validate cache-miss
83 http fetch GET 200 https://registry.npmjs.org/utf-8-validate 54ms (cache miss)
84 silly packumentCache full:https://registry.npmjs.org/utf-8-validate set size:undefined disposed:false
85 silly placeDep ROOT @types/readable-stream@4.0.24 OK for: mqtt@5.16.0 want: ^4.0.21
86 silly placeDep ROOT @types/ws@8.18.1 OK for: mqtt@5.16.0 want: ^8.18.1
87 silly placeDep ROOT commist@3.2.0 OK for: mqtt@5.16.0 want: ^3.2.0
88 silly placeDep ROOT concat-stream@2.0.0 OK for: mqtt@5.16.0 want: ^2.0.0
89 silly placeDep ROOT help-me@5.0.0 OK for: mqtt@5.16.0 want: ^5.0.0
90 silly placeDep ROOT lru-cache@10.4.3 OK for: mqtt@5.16.0 want: ^10.4.3
91 silly placeDep ROOT minimist@1.2.8 OK for: mqtt@5.16.0 want: ^1.2.8
92 silly placeDep ROOT mqtt-packet@9.0.2 OK for: mqtt@5.16.0 want: ^9.0.2
93 silly placeDep ROOT readable-stream@4.7.0 OK for: mqtt@5.16.0 want: ^4.7.0
94 silly placeDep ROOT rfdc@1.4.1 OK for: mqtt@5.16.0 want: ^1.4.1
95 silly placeDep ROOT socks@2.8.10 OK for: mqtt@5.16.0 want: ^2.8.6
96 silly placeDep ROOT split2@4.2.0 OK for: mqtt@5.16.0 want: ^4.2.0
97 silly placeDep ROOT worker-timers@8.0.34 OK for: mqtt@5.16.0 want: ^8.0.23
98 silly placeDep ROOT ws@8.21.3 OK for: mqtt@5.16.0 want: ^8.18.3
99 silly fetch manifest @types/node@*
100 silly packumentCache full:https://registry.npmjs.org/@types%2fnode cache-miss
101 silly fetch manifest @types/node@*
102 silly packumentCache full:https://registry.npmjs.org/@types%2fnode cache-miss
103 silly fetch manifest buffer-from@^1.0.0
104 silly packumentCache full:https://registry.npmjs.org/buffer-from cache-miss
105 silly fetch manifest readable-stream@^3.0.2
106 silly packumentCache full:https://registry.npmjs.org/readable-stream cache-miss
107 silly fetch manifest typedarray@^0.0.6
108 silly packumentCache full:https://registry.npmjs.org/typedarray cache-miss
109 silly fetch manifest bl@^6.0.8
110 silly packumentCache full:https://registry.npmjs.org/bl cache-miss
111 silly fetch manifest process-nextick-args@^2.0.1
112 silly packumentCache full:https://registry.npmjs.org/process-nextick-args cache-miss
113 silly fetch manifest abort-controller@^3.0.0
114 silly packumentCache full:https://registry.npmjs.org/abort-controller cache-miss
115 silly fetch manifest buffer@^6.0.3
116 silly packumentCache full:https://registry.npmjs.org/buffer cache-miss
117 silly fetch manifest events@^3.3.0
118 silly packumentCache full:https://registry.npmjs.org/events cache-miss
119 silly fetch manifest process@^0.11.10
120 silly packumentCache full:https://registry.npmjs.org/process cache-miss
121 http cache https://registry.npmjs.org/readable-stream 35ms (cache hit)
122 silly packumentCache full:https://registry.npmjs.org/readable-stream set size:261096 disposed:false
123 silly fetch manifest string_decoder@^1.3.0
124 silly packumentCache full:https://registry.npmjs.org/string_decoder cache-miss
125 http fetch GET 200 https://registry.npmjs.org/typedarray 140ms (cache miss)
126 silly packumentCache full:https://registry.npmjs.org/typedarray set size:undefined disposed:false
127 silly fetch manifest ip-address@^10.1.1
128 silly packumentCache full:https://registry.npmjs.org/ip-address cache-miss
129 http fetch GET 200 https://registry.npmjs.org/buffer-from 161ms (cache miss)
130 silly packumentCache full:https://registry.npmjs.org/buffer-from set size:undefined disposed:false
131 silly fetch manifest smart-buffer@^4.2.0
132 silly packumentCache full:https://registry.npmjs.org/smart-buffer cache-miss
133 http fetch GET 200 https://registry.npmjs.org/process-nextick-args 165ms (cache miss)
134 silly packumentCache full:https://registry.npmjs.org/process-nextick-args set size:undefined disposed:false
135 silly fetch manifest @babel/runtime@^7.29.7
136 silly packumentCache full:https://registry.npmjs.org/@babel%2fruntime cache-miss
137 http fetch GET 200 https://registry.npmjs.org/abort-controller 229ms (cache miss)
138 silly packumentCache full:https://registry.npmjs.org/abort-controller set size:undefined disposed:false
139 silly fetch manifest tslib@^2.8.1
140 silly packumentCache full:https://registry.npmjs.org/tslib cache-miss
141 http fetch GET 200 https://registry.npmjs.org/process 296ms (cache miss)
142 silly packumentCache full:https://registry.npmjs.org/process set size:undefined disposed:false
143 silly fetch manifest worker-timers-broker@^8.0.18
144 silly packumentCache full:https://registry.npmjs.org/worker-timers-broker cache-miss
145 http fetch GET 200 https://registry.npmjs.org/events 346ms (cache miss)
146 silly packumentCache full:https://registry.npmjs.org/events set size:undefined disposed:false
147 silly fetch manifest worker-timers-worker@^9.0.15
148 silly packumentCache full:https://registry.npmjs.org/worker-timers-worker cache-miss
149 http fetch GET 200 https://registry.npmjs.org/string_decoder 324ms (cache miss)
150 silly packumentCache full:https://registry.npmjs.org/string_decoder set size:undefined disposed:false
151 http fetch GET 200 https://registry.npmjs.org/buffer 378ms (cache miss)
152 silly packumentCache full:https://registry.npmjs.org/buffer set size:undefined disposed:false
153 http fetch GET 200 https://registry.npmjs.org/bl 480ms (cache miss)
154 silly packumentCache full:https://registry.npmjs.org/bl set size:undefined disposed:false
155 http fetch GET 200 https://registry.npmjs.org/smart-buffer 335ms (cache miss)
156 silly packumentCache full:https://registry.npmjs.org/smart-buffer set size:undefined disposed:false
157 http fetch GET 200 https://registry.npmjs.org/tslib 318ms (cache miss)
158 silly packumentCache full:https://registry.npmjs.org/tslib set size:undefined disposed:false
159 http fetch GET 200 https://registry.npmjs.org/ip-address 464ms (cache miss)
160 silly packumentCache full:https://registry.npmjs.org/ip-address set size:undefined disposed:false
161 http fetch GET 200 https://registry.npmjs.org/worker-timers-broker 421ms (cache miss)
162 silly packumentCache full:https://registry.npmjs.org/worker-timers-broker set size:undefined disposed:false
163 http fetch GET 200 https://registry.npmjs.org/worker-timers-worker 419ms (cache miss)
164 silly packumentCache full:https://registry.npmjs.org/worker-timers-worker set size:undefined disposed:false
165 http fetch GET 200 https://registry.npmjs.org/@babel%2fruntime 701ms (cache miss)
166 silly packumentCache full:https://registry.npmjs.org/@babel%2fruntime set size:undefined disposed:false
167 http fetch GET 200 https://registry.npmjs.org/@types%2fnode 1166ms (cache miss)
168 silly packumentCache full:https://registry.npmjs.org/@types%2fnode set size:undefined disposed:false
169 http fetch GET 200 https://registry.npmjs.org/@types%2fnode 1334ms (cache miss)
170 silly packumentCache full:https://registry.npmjs.org/@types%2fnode set size:undefined disposed:false
171 silly placeDep ROOT @types/node@26.6.2 OK for: @types/readable-stream@4.0.24 want: *
172 silly fetch manifest undici-types@~8.9.0
173 silly packumentCache full:https://registry.npmjs.org/undici-types cache-miss
174 http fetch GET 200 https://registry.npmjs.org/undici-types 61ms (cache miss)
175 silly packumentCache full:https://registry.npmjs.org/undici-types set size:undefined disposed:false
176 silly placeDep ROOT undici-types@8.9.0 OK for: @types/node@26.6.2 want: ~8.9.0
177 silly placeDep ROOT buffer-from@1.1.2 OK for: concat-stream@2.0.0 want: ^1.0.0
178 silly placeDep node_modules/concat-stream readable-stream@3.6.2 OK for: concat-stream@2.0.0 want: ^3.0.2
179 silly placeDep ROOT typedarray@0.0.6 OK for: concat-stream@2.0.0 want: ^0.0.6
180 silly fetch manifest string_decoder@^1.1.1
181 silly packumentCache full:https://registry.npmjs.org/string_decoder cache-miss
182 silly fetch manifest util-deprecate@^1.0.1
183 silly packumentCache full:https://registry.npmjs.org/util-deprecate cache-miss
184 http cache https://registry.npmjs.org/string_decoder 14ms (cache hit)
185 silly packumentCache full:https://registry.npmjs.org/string_decoder set size:28441 disposed:false
186 http fetch GET 200 https://registry.npmjs.org/util-deprecate 60ms (cache miss)
187 silly packumentCache full:https://registry.npmjs.org/util-deprecate set size:undefined disposed:false
188 silly placeDep ROOT bl@6.1.6 OK for: mqtt-packet@9.0.2 want: ^6.0.8
189 silly placeDep ROOT process-nextick-args@2.0.1 OK for: mqtt-packet@9.0.2 want: ^2.0.1
190 silly placeDep ROOT buffer@6.0.3 OK for: bl@6.1.6 want: ^6.0.3
191 silly fetch manifest base64-js@^1.3.1
192 silly packumentCache full:https://registry.npmjs.org/base64-js cache-miss
193 silly fetch manifest ieee754@^1.2.1
194 silly packumentCache full:https://registry.npmjs.org/ieee754 cache-miss
195 http fetch GET 200 https://registry.npmjs.org/base64-js 62ms (cache miss)
196 silly packumentCache full:https://registry.npmjs.org/base64-js set size:undefined disposed:false
197 http fetch GET 200 https://registry.npmjs.org/ieee754 64ms (cache miss)
198 silly packumentCache full:https://registry.npmjs.org/ieee754 set size:undefined disposed:false
199 silly placeDep ROOT base64-js@1.5.1 OK for: buffer@6.0.3 want: ^1.3.1
200 silly placeDep ROOT ieee754@1.2.1 OK for: buffer@6.0.3 want: ^1.2.1
201 silly placeDep ROOT abort-controller@3.0.0 OK for: readable-stream@4.7.0 want: ^3.0.0
202 silly placeDep ROOT events@3.3.0 OK for: readable-stream@4.7.0 want: ^3.3.0
203 silly placeDep ROOT process@0.11.10 OK for: readable-stream@4.7.0 want: ^0.11.10
204 silly placeDep ROOT string_decoder@1.3.0 OK for: readable-stream@4.7.0 want: ^1.3.0
205 silly fetch manifest event-target-shim@^5.0.0
206 silly packumentCache full:https://registry.npmjs.org/event-target-shim cache-miss
207 silly fetch manifest safe-buffer@~5.2.0
208 silly packumentCache full:https://registry.npmjs.org/safe-buffer cache-miss
209 http fetch GET 200 https://registry.npmjs.org/safe-buffer 54ms (cache miss)
210 silly packumentCache full:https://registry.npmjs.org/safe-buffer set size:undefined disposed:false
211 http fetch GET 200 https://registry.npmjs.org/event-target-shim 63ms (cache miss)
212 silly packumentCache full:https://registry.npmjs.org/event-target-shim set size:undefined disposed:false
213 silly placeDep ROOT event-target-shim@5.0.1 OK for: abort-controller@3.0.0 want: ^5.0.0
214 silly placeDep ROOT ip-address@10.7.2 OK for: socks@2.8.10 want: ^10.1.1
215 silly placeDep ROOT smart-buffer@4.2.0 OK for: socks@2.8.10 want: ^4.2.0
216 silly placeDep ROOT safe-buffer@5.2.1 OK for: string_decoder@1.3.0 want: ~5.2.0
217 silly placeDep ROOT @babel/runtime@7.29.7 OK for: worker-timers@8.0.34 want: ^7.29.7
218 silly placeDep ROOT tslib@2.8.1 OK for: worker-timers@8.0.34 want: ^2.8.1
219 silly placeDep ROOT worker-timers-broker@8.0.18 OK for: worker-timers@8.0.34 want: ^8.0.18
220 silly placeDep ROOT worker-timers-worker@9.0.15 OK for: worker-timers@8.0.34 want: ^9.0.15
221 silly fetch manifest broker-factory@^3.1.15
222 silly packumentCache full:https://registry.npmjs.org/broker-factory cache-miss
223 silly fetch manifest fast-unique-numbers@^9.0.27
224 silly packumentCache full:https://registry.npmjs.org/fast-unique-numbers cache-miss
225 silly fetch manifest worker-factory@^7.0.50
226 silly packumentCache full:https://registry.npmjs.org/worker-factory cache-miss
227 http fetch GET 200 https://registry.npmjs.org/broker-factory 85ms (cache miss)
228 silly packumentCache full:https://registry.npmjs.org/broker-factory set size:undefined disposed:false
229 http fetch GET 200 https://registry.npmjs.org/worker-factory 268ms (cache miss)
230 silly packumentCache full:https://registry.npmjs.org/worker-factory set size:undefined disposed:false
231 http fetch GET 200 https://registry.npmjs.org/fast-unique-numbers 278ms (cache miss)
232 silly packumentCache full:https://registry.npmjs.org/fast-unique-numbers set size:undefined disposed:false
233 silly placeDep ROOT broker-factory@3.1.15 OK for: worker-timers-broker@8.0.18 want: ^3.1.15
234 silly placeDep ROOT fast-unique-numbers@9.0.27 OK for: worker-timers-broker@8.0.18 want: ^9.0.27
235 silly placeDep ROOT worker-factory@7.0.50 OK for: broker-factory@3.1.15 want: ^7.0.50
236 silly placeDep ROOT util-deprecate@1.0.2 OK for: readable-stream@3.6.2 want: ^1.0.1
237 silly reify moves {}
238 http cache util-deprecate@https://registry.npmjs.org/util-deprecate/-/util-deprecate-1.0.2.tgz 0ms (cache hit)
239 http cache worker-factory@https://registry.npmjs.org/worker-factory/-/worker-factory-7.0.50.tgz 0ms (cache hit)
240 http cache @babel/runtime@https://registry.npmjs.org/@babel/runtime/-/runtime-7.29.7.tgz 0ms (cache hit)
241 http cache worker-timers-worker@https://registry.npmjs.org/worker-timers-worker/-/worker-timers-worker-9.0.15.tgz 0ms (cache hit)
242 http cache worker-timers-broker@https://registry.npmjs.org/worker-timers-broker/-/worker-timers-broker-8.0.18.tgz 0ms (cache hit)
243 http cache smart-buffer@https://registry.npmjs.org/smart-buffer/-/smart-buffer-4.2.0.tgz 0ms (cache hit)
244 http cache safe-buffer@https://registry.npmjs.org/safe-buffer/-/safe-buffer-5.2.1.tgz 0ms (cache hit)
245 http cache fast-unique-numbers@https://registry.npmjs.org/fast-unique-numbers/-/fast-unique-numbers-9.0.27.tgz 0ms (cache hit)
246 http cache broker-factory@https://registry.npmjs.org/broker-factory/-/broker-factory-3.1.15.tgz 0ms (cache hit)
247 http cache ip-address@https://registry.npmjs.org/ip-address/-/ip-address-10.7.2.tgz 0ms (cache hit)
248 http cache tslib@https://registry.npmjs.org/tslib/-/tslib-2.8.1.tgz 0ms (cache hit)
249 http cache process@https://registry.npmjs.org/process/-/process-0.11.10.tgz 0ms (cache hit)
250 http cache events@https://registry.npmjs.org/events/-/events-3.3.0.tgz 0ms (cache hit)
251 http cache string_decoder@https://registry.npmjs.org/string_decoder/-/string_decoder-1.3.0.tgz 0ms (cache hit)
252 http cache event-target-shim@https://registry.npmjs.org/event-target-shim/-/event-target-shim-5.0.1.tgz 0ms (cache hit)
253 http cache base64-js@https://registry.npmjs.org/base64-js/-/base64-js-1.5.1.tgz 0ms (cache hit)
254 http cache ieee754@https://registry.npmjs.org/ieee754/-/ieee754-1.2.1.tgz 0ms (cache hit)
255 http cache process-nextick-args@https://registry.npmjs.org/process-nextick-args/-/process-nextick-args-2.0.1.tgz 0ms (cache hit)
256 http cache abort-controller@https://registry.npmjs.org/abort-controller/-/abort-controller-3.0.0.tgz 0ms (cache hit)
257 http cache bl@https://registry.npmjs.org/bl/-/bl-6.1.6.tgz 0ms (cache hit)
258 http cache buffer@https://registry.npmjs.org/buffer/-/buffer-6.0.3.tgz 0ms (cache hit)
259 http cache @types/node@https://registry.npmjs.org/@types/node/-/node-26.6.2.tgz 0ms (cache hit)
260 http cache undici-types@https://registry.npmjs.org/undici-types/-/undici-types-8.9.0.tgz 0ms (cache hit)
261 http cache ws@https://registry.npmjs.org/ws/-/ws-8.21.3.tgz 0ms (cache hit)
262 http cache typedarray@https://registry.npmjs.org/typedarray/-/typedarray-0.0.6.tgz 0ms (cache hit)
263 http cache buffer-from@https://registry.npmjs.org/buffer-from/-/buffer-from-1.1.2.tgz 0ms (cache hit)
264 http cache worker-timers@https://registry.npmjs.org/worker-timers/-/worker-timers-8.0.34.tgz 0ms (cache hit)
265 http cache split2@https://registry.npmjs.org/split2/-/split2-4.2.0.tgz 0ms (cache hit)
266 http cache mqtt-packet@https://registry.npmjs.org/mqtt-packet/-/mqtt-packet-9.0.2.tgz 0ms (cache hit)
267 http cache socks@https://registry.npmjs.org/socks/-/socks-2.8.10.tgz 0ms (cache hit)
268 http cache rfdc@https://registry.npmjs.org/rfdc/-/rfdc-1.4.1.tgz 0ms (cache hit)
269 http cache readable-stream@https://registry.npmjs.org/readable-stream/-/readable-stream-4.7.0.tgz 0ms (cache hit)
270 http cache minimist@https://registry.npmjs.org/minimist/-/minimist-1.2.8.tgz 0ms (cache hit)
271 http cache concat-stream@https://registry.npmjs.org/concat-stream/-/concat-stream-2.0.0.tgz 0ms (cache hit)
272 http cache @types/ws@https://registry.npmjs.org/@types/ws/-/ws-8.18.1.tgz 0ms (cache hit)
273 http cache lru-cache@https://registry.npmjs.org/lru-cache/-/lru-cache-10.4.3.tgz 0ms (cache hit)
274 http cache @types/readable-stream@https://registry.npmjs.org/@types/readable-stream/-/readable-stream-4.0.24.tgz 0ms (cache hit)
275 http cache help-me@https://registry.npmjs.org/help-me/-/help-me-5.0.0.tgz 0ms (cache hit)
276 silly tarball no local data for util-deprecate@https://registry.npmjs.org/util-deprecate/-/util-deprecate-1.0.2.tgz. Extracting by manifest.
277 silly tarball no local data for worker-factory@https://registry.npmjs.org/worker-factory/-/worker-factory-7.0.50.tgz. Extracting by manifest.
278 silly tarball no local data for @babel/runtime@https://registry.npmjs.org/@babel/runtime/-/runtime-7.29.7.tgz. Extracting by manifest.
279 silly tarball no local data for worker-timers-worker@https://registry.npmjs.org/worker-timers-worker/-/worker-timers-worker-9.0.15.tgz. Extracting by manifest.
280 http cache commist@https://registry.npmjs.org/commist/-/commist-3.2.0.tgz 1ms (cache hit)
281 silly tarball no local data for worker-timers-broker@https://registry.npmjs.org/worker-timers-broker/-/worker-timers-broker-8.0.18.tgz. Extracting by manifest.
282 silly tarball no local data for smart-buffer@https://registry.npmjs.org/smart-buffer/-/smart-buffer-4.2.0.tgz. Extracting by manifest.
283 silly tarball no local data for safe-buffer@https://registry.npmjs.org/safe-buffer/-/safe-buffer-5.2.1.tgz. Extracting by manifest.
284 http cache readable-stream@https://registry.npmjs.org/readable-stream/-/readable-stream-3.6.2.tgz 0ms (cache hit)
285 silly tarball no local data for fast-unique-numbers@https://registry.npmjs.org/fast-unique-numbers/-/fast-unique-numbers-9.0.27.tgz. Extracting by manifest.
286 silly tarball no local data for broker-factory@https://registry.npmjs.org/broker-factory/-/broker-factory-3.1.15.tgz. Extracting by manifest.
287 silly tarball no local data for ip-address@https://registry.npmjs.org/ip-address/-/ip-address-10.7.2.tgz. Extracting by manifest.
288 silly tarball no local data for tslib@https://registry.npmjs.org/tslib/-/tslib-2.8.1.tgz. Extracting by manifest.
289 silly tarball no local data for process@https://registry.npmjs.org/process/-/process-0.11.10.tgz. Extracting by manifest.
290 silly tarball no local data for events@https://registry.npmjs.org/events/-/events-3.3.0.tgz. Extracting by manifest.
291 silly tarball no local data for string_decoder@https://registry.npmjs.org/string_decoder/-/string_decoder-1.3.0.tgz. Extracting by manifest.
292 silly tarball no local data for event-target-shim@https://registry.npmjs.org/event-target-shim/-/event-target-shim-5.0.1.tgz. Extracting by manifest.
293 http cache mqtt@https://registry.npmjs.org/mqtt/-/mqtt-5.16.0.tgz 0ms (cache hit)
294 silly tarball no local data for base64-js@https://registry.npmjs.org/base64-js/-/base64-js-1.5.1.tgz. Extracting by manifest.
295 silly tarball no local data for ieee754@https://registry.npmjs.org/ieee754/-/ieee754-1.2.1.tgz. Extracting by manifest.
296 silly tarball no local data for process-nextick-args@https://registry.npmjs.org/process-nextick-args/-/process-nextick-args-2.0.1.tgz. Extracting by manifest.
297 silly tarball no local data for abort-controller@https://registry.npmjs.org/abort-controller/-/abort-controller-3.0.0.tgz. Extracting by manifest.
298 silly tarball no local data for bl@https://registry.npmjs.org/bl/-/bl-6.1.6.tgz. Extracting by manifest.
299 silly tarball no local data for buffer@https://registry.npmjs.org/buffer/-/buffer-6.0.3.tgz. Extracting by manifest.
300 silly tarball no local data for @types/node@https://registry.npmjs.org/@types/node/-/node-26.6.2.tgz. Extracting by manifest.
301 silly tarball no local data for undici-types@https://registry.npmjs.org/undici-types/-/undici-types-8.9.0.tgz. Extracting by manifest.
302 silly tarball no local data for ws@https://registry.npmjs.org/ws/-/ws-8.21.3.tgz. Extracting by manifest.
303 silly tarball no local data for typedarray@https://registry.npmjs.org/typedarray/-/typedarray-0.0.6.tgz. Extracting by manifest.
304 silly tarball no local data for buffer-from@https://registry.npmjs.org/buffer-from/-/buffer-from-1.1.2.tgz. Extracting by manifest.
305 silly tarball no local data for worker-timers@https://registry.npmjs.org/worker-timers/-/worker-timers-8.0.34.tgz. Extracting by manifest.
306 silly tarball no local data for split2@https://registry.npmjs.org/split2/-/split2-4.2.0.tgz. Extracting by manifest.
307 silly tarball no local data for mqtt-packet@https://registry.npmjs.org/mqtt-packet/-/mqtt-packet-9.0.2.tgz. Extracting by manifest.
308 silly tarball no local data for socks@https://registry.npmjs.org/socks/-/socks-2.8.10.tgz. Extracting by manifest.
309 silly tarball no local data for rfdc@https://registry.npmjs.org/rfdc/-/rfdc-1.4.1.tgz. Extracting by manifest.
310 silly tarball no local data for readable-stream@https://registry.npmjs.org/readable-stream/-/readable-stream-4.7.0.tgz. Extracting by manifest.
311 silly tarball no local data for minimist@https://registry.npmjs.org/minimist/-/minimist-1.2.8.tgz. Extracting by manifest.
312 silly tarball no local data for concat-stream@https://registry.npmjs.org/concat-stream/-/concat-stream-2.0.0.tgz. Extracting by manifest.
313 silly tarball no local data for @types/ws@https://registry.npmjs.org/@types/ws/-/ws-8.18.1.tgz. Extracting by manifest.
314 silly tarball no local data for lru-cache@https://registry.npmjs.org/lru-cache/-/lru-cache-10.4.3.tgz. Extracting by manifest.
315 silly tarball no local data for @types/readable-stream@https://registry.npmjs.org/@types/readable-stream/-/readable-stream-4.0.24.tgz. Extracting by manifest.
316 silly tarball no local data for help-me@https://registry.npmjs.org/help-me/-/help-me-5.0.0.tgz. Extracting by manifest.
317 silly tarball no local data for commist@https://registry.npmjs.org/commist/-/commist-3.2.0.tgz. Extracting by manifest.
318 silly tarball no local data for readable-stream@https://registry.npmjs.org/readable-stream/-/readable-stream-3.6.2.tgz. Extracting by manifest.
319 silly tarball no local data for mqtt@https://registry.npmjs.org/mqtt/-/mqtt-5.16.0.tgz. Extracting by manifest.
320 http fetch GET 200 https://registry.npmjs.org/util-deprecate/-/util-deprecate-1.0.2.tgz 539ms (cache miss)
321 http fetch GET 200 https://registry.npmjs.org/base64-js/-/base64-js-1.5.1.tgz 536ms (cache miss)
322 http fetch GET 200 https://registry.npmjs.org/ieee754/-/ieee754-1.2.1.tgz 534ms (cache miss)
323 http fetch GET 200 https://registry.npmjs.org/process-nextick-args/-/process-nextick-args-2.0.1.tgz 536ms (cache miss)
324 http fetch GET 200 https://registry.npmjs.org/typedarray/-/typedarray-0.0.6.tgz 535ms (cache miss)
325 http fetch GET 200 https://registry.npmjs.org/safe-buffer/-/safe-buffer-5.2.1.tgz 567ms (cache miss)
326 http fetch GET 200 https://registry.npmjs.org/@types/readable-stream/-/readable-stream-4.0.24.tgz 535ms (cache miss)
327 http fetch GET 200 https://registry.npmjs.org/buffer-from/-/buffer-from-1.1.2.tgz 551ms (cache miss)
328 http fetch GET 200 https://registry.npmjs.org/concat-stream/-/concat-stream-2.0.0.tgz 546ms (cache miss)
329 http fetch GET 200 https://registry.npmjs.org/split2/-/split2-4.2.0.tgz 551ms (cache miss)
330 http fetch GET 200 https://registry.npmjs.org/commist/-/commist-3.2.0.tgz 553ms (cache miss)
331 http fetch GET 200 https://registry.npmjs.org/@types/ws/-/ws-8.18.1.tgz 572ms (cache miss)
332 http fetch GET 200 https://registry.npmjs.org/process/-/process-0.11.10.tgz 598ms (cache miss)
333 http fetch GET 200 https://registry.npmjs.org/string_decoder/-/string_decoder-1.3.0.tgz 600ms (cache miss)
334 http fetch GET 200 https://registry.npmjs.org/buffer/-/buffer-6.0.3.tgz 605ms (cache miss)
335 http fetch GET 200 https://registry.npmjs.org/rfdc/-/rfdc-1.4.1.tgz 663ms (cache miss)
336 http fetch GET 200 https://registry.npmjs.org/tslib/-/tslib-2.8.1.tgz 827ms (cache miss)
337 http fetch GET 200 https://registry.npmjs.org/bl/-/bl-6.1.6.tgz 843ms (cache miss)
338 http fetch GET 200 https://registry.npmjs.org/smart-buffer/-/smart-buffer-4.2.0.tgz 865ms (cache miss)
339 http fetch GET 200 https://registry.npmjs.org/abort-controller/-/abort-controller-3.0.0.tgz 924ms (cache miss)
340 http fetch GET 200 https://registry.npmjs.org/event-target-shim/-/event-target-shim-5.0.1.tgz 987ms (cache miss)
341 http fetch GET 200 https://registry.npmjs.org/mqtt-packet/-/mqtt-packet-9.0.2.tgz 992ms (cache miss)
342 http fetch GET 200 https://registry.npmjs.org/ws/-/ws-8.21.3.tgz 999ms (cache miss)
343 http fetch GET 200 https://registry.npmjs.org/help-me/-/help-me-5.0.0.tgz 998ms (cache miss)
344 http fetch GET 200 https://registry.npmjs.org/worker-timers/-/worker-timers-8.0.34.tgz 1036ms (cache miss)
345 http fetch GET 200 https://registry.npmjs.org/minimist/-/minimist-1.2.8.tgz 1049ms (cache miss)
346 http fetch GET 200 https://registry.npmjs.org/readable-stream/-/readable-stream-3.6.2.tgz 1057ms (cache miss)
347 http fetch GET 200 https://registry.npmjs.org/lru-cache/-/lru-cache-10.4.3.tgz 1162ms (cache miss)
348 http fetch GET 200 https://registry.npmjs.org/fast-unique-numbers/-/fast-unique-numbers-9.0.27.tgz 1201ms (cache miss)
349 http fetch GET 200 https://registry.npmjs.org/events/-/events-3.3.0.tgz 1225ms (cache miss)
350 http fetch GET 200 https://registry.npmjs.org/ip-address/-/ip-address-10.7.2.tgz 1246ms (cache miss)
351 http fetch GET 200 https://registry.npmjs.org/socks/-/socks-2.8.10.tgz 1321ms (cache miss)
352 http fetch GET 200 https://registry.npmjs.org/readable-stream/-/readable-stream-4.7.0.tgz 1340ms (cache miss)
353 http fetch GET 200 https://registry.npmjs.org/undici-types/-/undici-types-8.9.0.tgz 1490ms (cache miss)
354 http fetch GET 200 https://registry.npmjs.org/worker-timers-broker/-/worker-timers-broker-8.0.18.tgz 1613ms (cache miss)
355 http fetch GET 200 https://registry.npmjs.org/worker-timers-worker/-/worker-timers-worker-9.0.15.tgz 1622ms (cache miss)
356 http fetch GET 200 https://registry.npmjs.org/broker-factory/-/broker-factory-3.1.15.tgz 1706ms (cache miss)
357 http fetch GET 200 https://registry.npmjs.org/mqtt/-/mqtt-5.16.0.tgz 2170ms (cache miss)
358 http fetch GET 200 https://registry.npmjs.org/@types/node/-/node-26.6.2.tgz 2258ms (cache miss)
359 http fetch GET 200 https://registry.npmjs.org/worker-factory/-/worker-factory-7.0.50.tgz 2333ms (cache miss)
360 http fetch GET 200 https://registry.npmjs.org/@babel/runtime/-/runtime-7.29.7.tgz 2524ms (cache miss)
361 silly ADD node_modules/util-deprecate
362 silly ADD node_modules/worker-factory
363 silly ADD node_modules/fast-unique-numbers
364 silly ADD node_modules/broker-factory
365 silly ADD node_modules/worker-timers-worker
366 silly ADD node_modules/worker-timers-broker
367 silly ADD node_modules/tslib
368 silly ADD node_modules/@babel/runtime
369 silly ADD node_modules/safe-buffer
370 silly ADD node_modules/smart-buffer
371 silly ADD node_modules/ip-address
372 silly ADD node_modules/event-target-shim
373 silly ADD node_modules/string_decoder
374 silly ADD node_modules/process
375 silly ADD node_modules/events
376 silly ADD node_modules/abort-controller
377 silly ADD node_modules/ieee754
378 silly ADD node_modules/base64-js
379 silly ADD node_modules/buffer
380 silly ADD node_modules/process-nextick-args
381 silly ADD node_modules/bl
382 silly ADD node_modules/typedarray
383 silly ADD node_modules/buffer-from
384 silly ADD node_modules/undici-types
385 silly ADD node_modules/@types/node
386 silly ADD node_modules/ws
387 silly ADD node_modules/worker-timers
388 silly ADD node_modules/split2
389 silly ADD node_modules/socks
390 silly ADD node_modules/rfdc
391 silly ADD node_modules/readable-stream
392 silly ADD node_modules/mqtt-packet
393 silly ADD node_modules/minimist
394 silly ADD node_modules/lru-cache
395 silly ADD node_modules/help-me
396 silly ADD node_modules/concat-stream
397 silly ADD node_modules/concat-stream/node_modules/readable-stream
398 silly ADD node_modules/commist
399 silly ADD node_modules/@types/ws
400 silly ADD node_modules/@types/readable-stream
401 silly ADD node_modules/mqtt
402 verbose cwd C:\Users\bougu\Industrial_Data_Space_for_Predictive_Maintenance-\dashboard\backend
403 verbose os Windows_NT 10.0.26200
404 verbose node v22.22.0
405 verbose npm  v10.9.4
406 notice
406 notice New major version of npm available! 10.9.4 -> 12.1.0
406 notice Changelog: https://github.com/npm/cli/releases/tag/v12.1.0
406 notice To update run: npm install -g npm@12.1.0
406 notice  { force: true, [Symbol(proc-log.meta)]: true }
407 verbose exit 0
408 info ok
